Streaming transaction logs mentioning AYye92emHVPgnxDHnTEkuuWVLUKF7JHKgWsXysZBZ3qe. Confirmed commitment
Transaction executed in slot 23:
  Signature: HkZyhAoYPNeB9ZtEZTjCv4fwgr1tcXPMjJp7Zgu1vWybZg9GcAxZV4pDFyvc7cut8RXwL9KGBMfsHa6UGUjt9Ex
  Status: Ok
  Log Messages:
    Program AYye92emHVPgnxDHnTEkuuWVLUKF7JHKgWsXysZBZ3qe invoke [1]
    Program log: Instruction: InitializeProtocol
    Program 11111111111111111111111111111111 invoke [2]
    Program 11111111111111111111111111111111 success
    Program log: MetaLend protocol initialized by admin: AgTTqNhnWQBHrwemi4zixoVnUrwaeguA5Y13AkxtP6By
    Program AYye92emHVPgnxDHnTEkuuWVLUKF7JHKgWsXysZBZ3qe consumed 10161 of 200000 compute units
    Program AYye92emHVPgnxDHnTEkuuWVLUKF7JHKgWsXysZBZ3qe success
Transaction executed in slot 24:
  Signature: 3hNdWNDNZ1LNYut4zJsCVUWJFLR39tSUSGyUbxUrbZuYrFYNobYxv4Zddjx1j3y7svDH6DyrjpK6zJXFf81AJUKx
  Status: Ok
  Log Messages:
    Program AYye92emHVPgnxDHnTEkuuWVLUKF7JHKgWsXysZBZ3qe invoke [1]
    Program log: Instruction: CreateOracle
    Program 11111111111111111111111111111111 invoke [2]
    Program 11111111111111111111111111111111 success
    Program AYye92emHVPgnxDHnTEkuuWVLUKF7JHKgWsXysZBZ3qe consumed 9886 of 200000 compute units
    Program AYye92emHVPgnxDHnTEkuuWVLUKF7JHKgWsXysZBZ3qe success
Transaction executed in slot 24:
  Signature: 2p5Mam4cHi5M2CP642ckm5gKx1X79B4SU6QvxuBXWKxrdHwmz9LuRtepbGYM2kV5EMRipZta5mvxTQmvCQtA9JSG
  Status: Ok
  Log Messages:
    Program AYye92emHVPgnxDHnTEkuuWVLUKF7JHKgWsXysZBZ3qe invoke [1]
    Program log: Instruction: CreateOracle
    Program 11111111111111111111111111111111 invoke [2]
    Program 11111111111111111111111111111111 success
    Program AYye92emHVPgnxDHnTEkuuWVLUKF7JHKgWsXysZBZ3qe consumed 9886 of 200000 compute units
    Program AYye92emHVPgnxDHnTEkuuWVLUKF7JHKgWsXysZBZ3qe success
Transaction executed in slot 25:
  Signature: 2p5Mam4cHi5M2CP642ckm5gKx1X79B4SU6QvxuBXWKxrdHwmz9LuRtepbGYM2kV5EMRipZta5mvxTQmvCQtA9JSG
  Status: Ok
  Log Messages:
    Program AYye92emHVPgnxDHnTEkuuWVLUKF7JHKgWsXysZBZ3qe invoke [1]
    Program log: Instruction: CreateOracle
    Program 11111111111111111111111111111111 invoke [2]
    Program 11111111111111111111111111111111 success
    Program AYye92emHVPgnxDHnTEkuuWVLUKF7JHKgWsXysZBZ3qe consumed 9886 of 200000 compute units
    Program AYye92emHVPgnxDHnTEkuuWVLUKF7JHKgWsXysZBZ3qe success
Transaction executed in slot 26:
  Signature: UQeXQAp74EQAeH2594QRcs3oxbyUPqkpuSgvbE1JwY6XDvDFqcG6sBUCTKChi6BVaBiCNBiRbYjBTYppq15Lw4J
  Status: Ok
  Log Messages:
    Program AYye92emHVPgnxDHnTEkuuWVLUKF7JHKgWsXysZBZ3qe invoke [1]
    Program log: Instruction: CreateMarket
    Program 11111111111111111111111111111111 invoke [2]
    Program 11111111111111111111111111111111 success
    Program 11111111111111111111111111111111 invoke [2]
    Program 11111111111111111111111111111111 success
    Program TokenkegQfeZyiNwAJbNbGKPFXCWuBvf9Ss623VQ5DA invoke [2]
    Program log: Instruction: InitializeAccount3
    Program TokenkegQfeZyiNwAJbNbGKPFXCWuBvf9Ss623VQ5DA consumed 4241 of 180366 compute units
    Program TokenkegQfeZyiNwAJbNbGKPFXCWuBvf9Ss623VQ5DA success
    Program 11111111111111111111111111111111 invoke [2]
    Program 11111111111111111111111111111111 success
    Program TokenkegQfeZyiNwAJbNbGKPFXCWuBvf9Ss623VQ5DA invoke [2]
    Program log: Instruction: InitializeAccount3
    Program TokenkegQfeZyiNwAJbNbGKPFXCWuBvf9Ss623VQ5DA consumed 4241 of 167117 compute units
    Program TokenkegQfeZyiNwAJbNbGKPFXCWuBvf9Ss623VQ5DA success
    Program log: Market created - Supply: 9CUPHU7mNiYYnoaMmBdEU3SYNGZ7E5FEDT5uG4RQjjSx, Collateral: FvaHESsQS9acRQAjHP5yBPutDxDXMNSQ1szLmEzzSdrP, ID: 1
    Program AYye92emHVPgnxDHnTEkuuWVLUKF7JHKgWsXysZBZ3qe consumed 47446 of 200000 compute units
    Program AYye92emHVPgnxDHnTEkuuWVLUKF7JHKgWsXysZBZ3qe success
Transaction executed in slot 27:
  Signature: 2auBBmiiMj539vWWypTrq2KWJWNidLDzTKKnnoe3m6VFEMmdrDjaL4bvra7KqybnSZ8i5o9ua2BqL91efEjQ3jgH
  Status: Ok
  Log Messages:
    Program AYye92emHVPgnxDHnTEkuuWVLUKF7JHKgWsXysZBZ3qe invoke [1]
    Program log: Instruction: InitializeUserDeposit
    Program 11111111111111111111111111111111 invoke [2]
    Program 11111111111111111111111111111111 success
    Program log: User deposit account created for market: 1
    Program AYye92emHVPgnxDHnTEkuuWVLUKF7JHKgWsXysZBZ3qe consumed 12129 of 200000 compute units
    Program AYye92emHVPgnxDHnTEkuuWVLUKF7JHKgWsXysZBZ3qe success
Transaction executed in slot 28:
  Signature: 3KSWbpABzkWr6cvDd2S7L3T6mCBuHkWUcWyvmBe6UWtasvK2PBLMJYmebMGYJgK1VEeybm8gPZu12VAFvTqa5ucK
  Status: Ok
  Log Messages:
    Program AYye92emHVPgnxDHnTEkuuWVLUKF7JHKgWsXysZBZ3qe invoke [1]
    Program log: Instruction: Supply
    Program TokenkegQfeZyiNwAJbNbGKPFXCWuBvf9Ss623VQ5DA invoke [2]
    Program log: Instruction: Transfer
    Program TokenkegQfeZyiNwAJbNbGKPFXCWuBvf9Ss623VQ5DA consumed 4645 of 183584 compute units
    Program TokenkegQfeZyiNwAJbNbGKPFXCWuBvf9Ss623VQ5DA success
    Program log: Supply successful: 500000000 tokens → 500000000 cTokens
    Program AYye92emHVPgnxDHnTEkuuWVLUKF7JHKgWsXysZBZ3qe consumed 23900 of 200000 compute units
    Program AYye92emHVPgnxDHnTEkuuWVLUKF7JHKgWsXysZBZ3qe success
Transaction executed in slot 29:
  Signature: 2YcPvkHacWo59DxbhVzNmPnY1oEk4gJrHHnuxS2pt7GX9AHay7svPpB9td7qxxMqXqzc6Uz13FBX442PNhD1jn1e
  Status: Ok
  Log Messages:
    Program AYye92emHVPgnxDHnTEkuuWVLUKF7JHKgWsXysZBZ3qe invoke [1]
    Program log: Instruction: Borrow
    Program TokenkegQfeZyiNwAJbNbGKPFXCWuBvf9Ss623VQ5DA invoke [2]
    Program log: Instruction: Transfer
    Program TokenkegQfeZyiNwAJbNbGKPFXCWuBvf9Ss623VQ5DA consumed 4645 of 175802 compute units
    Program TokenkegQfeZyiNwAJbNbGKPFXCWuBvf9Ss623VQ5DA success
    Program TokenkegQfeZyiNwAJbNbGKPFXCWuBvf9Ss623VQ5DA invoke [2]
    Program log: Instruction: Transfer
    Program TokenkegQfeZyiNwAJbNbGKPFXCWuBvf9Ss623VQ5DA consumed 4645 of 167791 compute units
    Program TokenkegQfeZyiNwAJbNbGKPFXCWuBvf9Ss623VQ5DA success
    Program log: Borrow successful: 100000000 collateral → 200000000 supply tokens
    Program AYye92emHVPgnxDHnTEkuuWVLUKF7JHKgWsXysZBZ3qe consumed 39704 of 200000 compute units
    Program AYye92emHVPgnxDHnTEkuuWVLUKF7JHKgWsXysZBZ3qe success
Transaction executed in slot 30:
  Signature: 4u4UAEDZmm99X2Ug4b8hNfJPy7FfThMc3oK3siiCQLDA5NpUxwUpmvJQjcKEEQaD6bSC8HazGKvR573B6r6zkQjc
  Status: Ok
  Log Messages:
    Program AYye92emHVPgnxDHnTEkuuWVLUKF7JHKgWsXysZBZ3qe invoke [1]
    Program log: Instruction: InitializeUserDeposit
    Program 11111111111111111111111111111111 invoke [2]
    Program 11111111111111111111111111111111 success
    Program log: User deposit account created for market: 1
    Program AYye92emHVPgnxDHnTEkuuWVLUKF7JHKgWsXysZBZ3qe consumed 15129 of 200000 compute units
    Program AYye92emHVPgnxDHnTEkuuWVLUKF7JHKgWsXysZBZ3qe success
Transaction executed in slot 31:
  Signature: 4dHCnJo1EUgW4rfbqKb7NSDtUS1w87y7szoBorrjGP3xEwNG5S3sVp9zkoeSyp8KE5THBdPctrGc6GNNsd9YSYu6
  Status: Ok
  Log Messages:
    Program AYye92emHVPgnxDHnTEkuuWVLUKF7JHKgWsXysZBZ3qe invoke [1]
    Program log: Instruction: Supply
    Program TokenkegQfeZyiNwAJbNbGKPFXCWuBvf9Ss623VQ5DA invoke [2]
    Program log: Instruction: Transfer
    Program TokenkegQfeZyiNwAJbNbGKPFXCWuBvf9Ss623VQ5DA consumed 4645 of 183038 compute units
    Program TokenkegQfeZyiNwAJbNbGKPFXCWuBvf9Ss623VQ5DA success
    Program log: Supply successful: 300000000 tokens → 299997001 cTokens
    Program AYye92emHVPgnxDHnTEkuuWVLUKF7JHKgWsXysZBZ3qe consumed 24446 of 200000 compute units
    Program AYye92emHVPgnxDHnTEkuuWVLUKF7JHKgWsXysZBZ3qe success
Transaction executed in slot 32:
  Signature: sd1K8HAoHuVrrNaNYJ15E8rUqd6huHFLc7rg31t3uvJAV5cKKcfDSymeo5Qj1zn1YjTFHYxG8UopxCCR33qXT9S
  Status: Ok
  Log Messages:
    Program AYye92emHVPgnxDHnTEkuuWVLUKF7JHKgWsXysZBZ3qe invoke [1]
    Program log: Instruction: Borrow
    Program TokenkegQfeZyiNwAJbNbGKPFXCWuBvf9Ss623VQ5DA invoke [2]
    Program log: Instruction: Transfer
    Program TokenkegQfeZyiNwAJbNbGKPFXCWuBvf9Ss623VQ5DA consumed 4645 of 175802 compute units
    Program TokenkegQfeZyiNwAJbNbGKPFXCWuBvf9Ss623VQ5DA success
    Program TokenkegQfeZyiNwAJbNbGKPFXCWuBvf9Ss623VQ5DA invoke [2]
    Program log: Instruction: Transfer
    Program TokenkegQfeZyiNwAJbNbGKPFXCWuBvf9Ss623VQ5DA consumed 4645 of 167791 compute units
    Program TokenkegQfeZyiNwAJbNbGKPFXCWuBvf9Ss623VQ5DA success
    Program log: Borrow successful: 100000000 collateral → 200000000 supply tokens
    Program AYye92emHVPgnxDHnTEkuuWVLUKF7JHKgWsXysZBZ3qe consumed 39704 of 200000 compute units
    Program AYye92emHVPgnxDHnTEkuuWVLUKF7JHKgWsXysZBZ3qe success
Transaction executed in slot 33:
  Signature: 3YCmCzA4df1RMucMLWGkpnMTSwGjUuKLjY9EuqfsKeJmF8X7DcM3UYJ6BPBZDbKZhW9154aKLE1Qmn8ubmgbSZvR
  Status: Ok
  Log Messages:
    Program AYye92emHVPgnxDHnTEkuuWVLUKF7JHKgWsXysZBZ3qe invoke [1]
    Program log: Instruction: UpdateOraclePrice
    Program log: Oracle price updated to: 1800000000 at slot: 33
    Program log: NOTE: This function is for testing/capstone purposes only!
    Program log: In production, oracle updates would come from authorized price feeds!
    Program AYye92emHVPgnxDHnTEkuuWVLUKF7JHKgWsXysZBZ3qe consumed 5181 of 200000 compute units
    Program AYye92emHVPgnxDHnTEkuuWVLUKF7JHKgWsXysZBZ3qe success
Transaction executed in slot 34:
  Signature: 3Qk4HAyaEgonmBp6ikf9Q92YvJ3bhhi3xYRrFRiZvn4JBERg1HwpFw6YFhrKVjkb35f5Bbnis6bYNEQxfoFPfH6V
  Status: Ok
  Log Messages:
    Program AYye92emHVPgnxDHnTEkuuWVLUKF7JHKgWsXysZBZ3qe invoke [1]
    Program log: Instruction: Liquidate
    Program TokenkegQfeZyiNwAJbNbGKPFXCWuBvf9Ss623VQ5DA invoke [2]
    Program log: Instruction: Transfer
    Program TokenkegQfeZyiNwAJbNbGKPFXCWuBvf9Ss623VQ5DA consumed 4645 of 178461 compute units
    Program TokenkegQfeZyiNwAJbNbGKPFXCWuBvf9Ss623VQ5DA success
    Program TokenkegQfeZyiNwAJbNbGKPFXCWuBvf9Ss623VQ5DA invoke [2]
    Program log: Instruction: Transfer
    Program TokenkegQfeZyiNwAJbNbGKPFXCWuBvf9Ss623VQ5DA consumed 4645 of 171325 compute units
    Program TokenkegQfeZyiNwAJbNbGKPFXCWuBvf9Ss623VQ5DA success
    Program log: Liquidation successful: 50000000 debt → 55000000 collateral
    Program AYye92emHVPgnxDHnTEkuuWVLUKF7JHKgWsXysZBZ3qe consumed 35080 of 200000 compute units
    Program AYye92emHVPgnxDHnTEkuuWVLUKF7JHKgWsXysZBZ3qe success
